---
source: tools/bun/tests/versions_test.rs
expression: "fs::read_to_string(sandbox.path().join(\"package.json\")).unwrap()"
---
{
  "devEngines": {
    "runtime": [
      {
        "name": "node",
        "version": "^20"
      },
      {
        "name": "bun",
        "version": ">=1"
      }
    ],
    "packageManager": {
      "name": "bun",
      "version": ">=1"
    }
  }
}
