---
source: tools/python/tests/shims_test.rs
expression: "std :: fs ::\nread_to_string(sandbox.path().join(\".proto/shims/registry.json\")).unwrap()"
---
{
  "pip": {
    "before_args": [
      "-m",
      "pip"
    ],
    "context": "python-test"
  },
  "python": {
    "alt_exe": true,
    "context": "python-test"
  }
}
